// Jest Snapshot v1, https://goo.gl/fbAQLP

exports[`src/components/AddCurrency render 1`] = `
<form
  className="add-currency"
  onSubmit={[Function]}
>
  <select
    onChange={[Function]}
    value="test"
  >
    <option
      defaultValue={true}
      disabled={true}
      value=""
    >
      (+) Add More Currencies
    </option>
    <option
      value="USD"
    >
      USD
    </option>
    <option
      value="CAD"
    >
      CAD
    </option>
    <option
      value="IDR"
    >
      IDR
    </option>
    <option
      value="GBP"
    >
      GBP
    </option>
    <option
      value="CHF"
    >
      CHF
    </option>
    <option
      value="SGD"
    >
      SGD
    </option>
    <option
      value="INR"
    >
      INR
    </option>
    <option
      value="MYR"
    >
      MYR
    </option>
    <option
      value="JPY"
    >
      JPY
    </option>
    <option
      value="KRW"
    >
      KRW
    </option>
  </select>
  <input
    type="submit"
  />
</form>
`;
