// Jest Snapshot v1, https://goo.gl/fbAQLP

exports[`src/App render 1`] = `
<AppContextProvider>
  <suspense />
</AppContextProvider>
`;
